WARNING - 2026-06-03 12:36:06 --> [DEPRECATED] Passing lowercase HTTP method "get" is deprecated. Use uppercase HTTP method like "GET". in SYSTEMPATH\Router\RouteCollection.php on line 1026.
 1 SYSTEMPATH\Router\RouteCollection.php(1026): trigger_error('Passing lowercase HTTP method "get" is deprecated. Use uppercase HTTP method like "GET".', 16384)
 2 APPPATH\Config\Routes.php(6): CodeIgniter\Router\RouteCollection->match([...], '/', 'home::index')
 3 SYSTEMPATH\Router\RouteCollection.php(339): require('C:\\xampp\\htdocs\\code-4\\sistema\\app\\Config\\Routes.php')
 4 SYSTEMPATH\CodeIgniter.php(818): CodeIgniter\Router\RouteCollection->loadRoutes()
 5 SYSTEMPATH\CodeIgniter.php(441): CodeIgniter\CodeIgniter->tryToRouteIt(null)
 6 SYSTEMPATH\CodeIgniter.php(340): CodeIgniter\CodeIgniter->handleRequest(null, Object(Config\Cache), false)
 7 SYSTEMPATH\Boot.php(417): CodeIgniter\CodeIgniter->run()
 8 SYSTEMPATH\Boot.php(68): CodeIgniter\Boot::runCodeIgniter(Object(CodeIgniter\CodeIgniter))
 9 FCPATH\index.php(59): CodeIgniter\Boot::bootWeb(Object(Config\Paths))
WARNING - 2026-06-03 12:36:06 --> [DEPRECATED] Passing lowercase HTTP method "post" is deprecated. Use uppercase HTTP method like "POST". in SYSTEMPATH\Router\RouteCollection.php on line 1026.
 1 SYSTEMPATH\Router\RouteCollection.php(1026): trigger_error('Passing lowercase HTTP method "post" is deprecated. Use uppercase HTTP method like "POST".', 16384)
 2 APPPATH\Config\Routes.php(6): CodeIgniter\Router\RouteCollection->match([...], '/', 'home::index')
 3 SYSTEMPATH\Router\RouteCollection.php(339): require('C:\\xampp\\htdocs\\code-4\\sistema\\app\\Config\\Routes.php')
 4 SYSTEMPATH\CodeIgniter.php(818): CodeIgniter\Router\RouteCollection->loadRoutes()
 5 SYSTEMPATH\CodeIgniter.php(441): CodeIgniter\CodeIgniter->tryToRouteIt(null)
 6 SYSTEMPATH\CodeIgniter.php(340): CodeIgniter\CodeIgniter->handleRequest(null, Object(Config\Cache), false)
 7 SYSTEMPATH\Boot.php(417): CodeIgniter\CodeIgniter->run()
 8 SYSTEMPATH\Boot.php(68): CodeIgniter\Boot::runCodeIgniter(Object(CodeIgniter\CodeIgniter))
 9 FCPATH\index.php(59): CodeIgniter\Boot::bootWeb(Object(Config\Paths))
WARNING - 2026-06-03 12:40:52 --> [DEPRECATED] Passing lowercase HTTP method "get" is deprecated. Use uppercase HTTP method like "GET". in SYSTEMPATH\Router\RouteCollection.php on line 1026.
 1 SYSTEMPATH\Router\RouteCollection.php(1026): trigger_error('Passing lowercase HTTP method "get" is deprecated. Use uppercase HTTP method like "GET".', 16384)
 2 APPPATH\Config\Routes.php(7): CodeIgniter\Router\RouteCollection->match([...], '/', 'home::index')
 3 SYSTEMPATH\Router\RouteCollection.php(339): require('C:\\xampp\\htdocs\\code-4\\sistema\\app\\Config\\Routes.php')
 4 SYSTEMPATH\CodeIgniter.php(818): CodeIgniter\Router\RouteCollection->loadRoutes()
 5 SYSTEMPATH\CodeIgniter.php(441): CodeIgniter\CodeIgniter->tryToRouteIt(null)
 6 SYSTEMPATH\CodeIgniter.php(340): CodeIgniter\CodeIgniter->handleRequest(null, Object(Config\Cache), false)
 7 SYSTEMPATH\Boot.php(417): CodeIgniter\CodeIgniter->run()
 8 SYSTEMPATH\Boot.php(68): CodeIgniter\Boot::runCodeIgniter(Object(CodeIgniter\CodeIgniter))
 9 FCPATH\index.php(59): CodeIgniter\Boot::bootWeb(Object(Config\Paths))
WARNING - 2026-06-03 12:40:52 --> [DEPRECATED] Passing lowercase HTTP method "post" is deprecated. Use uppercase HTTP method like "POST". in SYSTEMPATH\Router\RouteCollection.php on line 1026.
 1 SYSTEMPATH\Router\RouteCollection.php(1026): trigger_error('Passing lowercase HTTP method "post" is deprecated. Use uppercase HTTP method like "POST".', 16384)
 2 APPPATH\Config\Routes.php(7): CodeIgniter\Router\RouteCollection->match([...], '/', 'home::index')
 3 SYSTEMPATH\Router\RouteCollection.php(339): require('C:\\xampp\\htdocs\\code-4\\sistema\\app\\Config\\Routes.php')
 4 SYSTEMPATH\CodeIgniter.php(818): CodeIgniter\Router\RouteCollection->loadRoutes()
 5 SYSTEMPATH\CodeIgniter.php(441): CodeIgniter\CodeIgniter->tryToRouteIt(null)
 6 SYSTEMPATH\CodeIgniter.php(340): CodeIgniter\CodeIgniter->handleRequest(null, Object(Config\Cache), false)
 7 SYSTEMPATH\Boot.php(417): CodeIgniter\CodeIgniter->run()
 8 SYSTEMPATH\Boot.php(68): CodeIgniter\Boot::runCodeIgniter(Object(CodeIgniter\CodeIgniter))
 9 FCPATH\index.php(59): CodeIgniter\Boot::bootWeb(Object(Config\Paths))
CRITICAL - 2026-06-03 12:49:13 --> CodeIgniter\Filters\Exceptions\FilterException: "auth" filter must have a matching alias defined.
[Method: CLI, Route: routes]
in SYSTEMPATH\Filters\Filters.php on line 590.
 1 SYSTEMPATH\Filters\Filters.php(590): CodeIgniter\Filters\Exceptions\FilterException::forNoAlias('auth')
 2 SYSTEMPATH\Filters\Filters.php(641): CodeIgniter\Filters\Filters->enableFilter('auth', 'before')
 3 SYSTEMPATH\Commands\Utilities\Routes\FilterFinder.php(58): CodeIgniter\Filters\Filters->enableFilters([...], 'before')
 4 SYSTEMPATH\Commands\Utilities\Routes\FilterCollector.php(78): CodeIgniter\Commands\Utilities\Routes\FilterFinder->find('roles')
 5 SYSTEMPATH\Commands\Utilities\Routes.php(110): CodeIgniter\Commands\Utilities\Routes\FilterCollector->get('GET', 'roles')
 6 SYSTEMPATH\CLI\Commands.php(74): CodeIgniter\Commands\Utilities\Routes->run([])
 7 SYSTEMPATH\CLI\Console.php(47): CodeIgniter\CLI\Commands->run('routes', [])
 8 SYSTEMPATH\Boot.php(442): CodeIgniter\CLI\Console->run()
 9 SYSTEMPATH\Boot.php(166): CodeIgniter\Boot::runCommand(Object(CodeIgniter\CLI\Console))
10 ROOTPATH\spark(87): CodeIgniter\Boot::bootSpark(Object(Config\Paths))
CRITICAL - 2026-06-03 13:05:50 --> Error: Class "App\Controllers\BaseControllers" not found
[Method: GET, Route: /]
in APPPATH\Controllers\login.php on line 7.
 1 SYSTEMPATH\Autoloader\Autoloader.php(315): include_once()
 2 SYSTEMPATH\Autoloader\Autoloader.php(295): CodeIgniter\Autoloader\Autoloader->includeFile('C:\\xampp\\htdocs\\code-4\\sistema\\app\\Controllers\\Login.php')
 3 SYSTEMPATH\Autoloader\Autoloader.php(271): CodeIgniter\Autoloader\Autoloader->loadInNamespace('App\\Controllers\\Login')
 4 [internal function]: CodeIgniter\Autoloader\Autoloader->loadClass('App\\Controllers\\Login')
 5 SYSTEMPATH\Router\Router.php(792): class_exists('\\App\\Controllers\\Login')
 6 SYSTEMPATH\Router\Router.php(230): CodeIgniter\Router\Router->processRouteAttributes()
 7 SYSTEMPATH\CodeIgniter.php(829): CodeIgniter\Router\Router->handle('/')
 8 SYSTEMPATH\CodeIgniter.php(441): CodeIgniter\CodeIgniter->tryToRouteIt(Object(CodeIgniter\Router\RouteCollection))
 9 SYSTEMPATH\CodeIgniter.php(340): CodeIgniter\CodeIgniter->handleRequest(null, Object(Config\Cache), false)
10 SYSTEMPATH\Boot.php(417): CodeIgniter\CodeIgniter->run()
11 SYSTEMPATH\Boot.php(68): CodeIgniter\Boot::runCodeIgniter(Object(CodeIgniter\CodeIgniter))
12 FCPATH\index.php(59): CodeIgniter\Boot::bootWeb(Object(Config\Paths))
CRITICAL - 2026-06-03 14:45:07 --> Error: Class "App\Models\UsuarioModel" not found
[Method: POST, Route: login]
in APPPATH\Controllers\login.php on line 33.
 1 SYSTEMPATH\CodeIgniter.php(951): App\Controllers\Login->roles()
 2 SYSTEMPATH\CodeIgniter.php(497): CodeIgniter\CodeIgniter->runController(Object(App\Controllers\Login))
 3 SYSTEMPATH\CodeIgniter.php(340): CodeIgniter\CodeIgniter->handleRequest(null, Object(Config\Cache), false)
 4 SYSTEMPATH\Boot.php(417): CodeIgniter\CodeIgniter->run()
 5 SYSTEMPATH\Boot.php(68): CodeIgniter\Boot::runCodeIgniter(Object(CodeIgniter\CodeIgniter))
 6 FCPATH\index.php(59): CodeIgniter\Boot::bootWeb(Object(Config\Paths))
CRITICAL - 2026-06-03 14:45:48 --> Error: Class "App\Controllers\UsuarioModel" not found
[Method: POST, Route: login]
in APPPATH\Controllers\login.php on line 33.
 1 SYSTEMPATH\CodeIgniter.php(951): App\Controllers\Login->roles()
 2 SYSTEMPATH\CodeIgniter.php(497): CodeIgniter\CodeIgniter->runController(Object(App\Controllers\Login))
 3 SYSTEMPATH\CodeIgniter.php(340): CodeIgniter\CodeIgniter->handleRequest(null, Object(Config\Cache), false)
 4 SYSTEMPATH\Boot.php(417): CodeIgniter\CodeIgniter->run()
 5 SYSTEMPATH\Boot.php(68): CodeIgniter\Boot::runCodeIgniter(Object(CodeIgniter\CodeIgniter))
 6 FCPATH\index.php(59): CodeIgniter\Boot::bootWeb(Object(Config\Paths))
CRITICAL - 2026-06-03 14:48:56 --> Error: Class "App\Controllers\UsuarioModel" not found
[Method: POST, Route: login]
in APPPATH\Controllers\login.php on line 33.
 1 SYSTEMPATH\CodeIgniter.php(951): App\Controllers\Login->roles()
 2 SYSTEMPATH\CodeIgniter.php(497): CodeIgniter\CodeIgniter->runController(Object(App\Controllers\Login))
 3 SYSTEMPATH\CodeIgniter.php(340): CodeIgniter\CodeIgniter->handleRequest(null, Object(Config\Cache), false)
 4 SYSTEMPATH\Boot.php(417): CodeIgniter\CodeIgniter->run()
 5 SYSTEMPATH\Boot.php(68): CodeIgniter\Boot::runCodeIgniter(Object(CodeIgniter\CodeIgniter))
 6 FCPATH\index.php(59): CodeIgniter\Boot::bootWeb(Object(Config\Paths))
CRITICAL - 2026-06-03 14:50:57 --> TypeError: App\Models\UserModel::buscarPorEmailConRol(): Argument #1 ($email) must be of type string, null given, called in C:\xampp\htdocs\code-4\sistema\app\Controllers\login.php on line 34
[Method: POST, Route: login]
in APPPATH\Models\UserModel.php on line 34.
 1 APPPATH\Controllers\login.php(34): App\Models\UserModel->buscarPorEmailConRol(null)
 2 SYSTEMPATH\CodeIgniter.php(951): App\Controllers\Login->roles()
 3 SYSTEMPATH\CodeIgniter.php(497): CodeIgniter\CodeIgniter->runController(Object(App\Controllers\Login))
 4 SYSTEMPATH\CodeIgniter.php(340): CodeIgniter\CodeIgniter->handleRequest(null, Object(Config\Cache), false)
 5 SYSTEMPATH\Boot.php(417): CodeIgniter\CodeIgniter->run()
 6 SYSTEMPATH\Boot.php(68): CodeIgniter\Boot::runCodeIgniter(Object(CodeIgniter\CodeIgniter))
 7 FCPATH\index.php(59): CodeIgniter\Boot::bootWeb(Object(Config\Paths))
CRITICAL - 2026-06-03 14:51:44 --> TypeError: App\Models\UserModel::buscarPorEmailConRol(): Argument #1 ($email) must be of type string, null given, called in C:\xampp\htdocs\code-4\sistema\app\Controllers\login.php on line 34
[Method: POST, Route: login]
in APPPATH\Models\UserModel.php on line 34.
 1 APPPATH\Controllers\login.php(34): App\Models\UserModel->buscarPorEmailConRol(null)
 2 SYSTEMPATH\CodeIgniter.php(951): App\Controllers\Login->roles()
 3 SYSTEMPATH\CodeIgniter.php(497): CodeIgniter\CodeIgniter->runController(Object(App\Controllers\Login))
 4 SYSTEMPATH\CodeIgniter.php(340): CodeIgniter\CodeIgniter->handleRequest(null, Object(Config\Cache), false)
 5 SYSTEMPATH\Boot.php(417): CodeIgniter\CodeIgniter->run()
 6 SYSTEMPATH\Boot.php(68): CodeIgniter\Boot::runCodeIgniter(Object(CodeIgniter\CodeIgniter))
 7 FCPATH\index.php(59): CodeIgniter\Boot::bootWeb(Object(Config\Paths))
CRITICAL - 2026-06-03 14:52:13 --> TypeError: App\Models\UserModel::buscarPorEmailConRol(): Argument #1 ($email) must be of type string, null given, called in C:\xampp\htdocs\code-4\sistema\app\Controllers\login.php on line 34
[Method: POST, Route: login]
in APPPATH\Models\UserModel.php on line 34.
 1 APPPATH\Controllers\login.php(34): App\Models\UserModel->buscarPorEmailConRol(null)
 2 SYSTEMPATH\CodeIgniter.php(951): App\Controllers\Login->roles()
 3 SYSTEMPATH\CodeIgniter.php(497): CodeIgniter\CodeIgniter->runController(Object(App\Controllers\Login))
 4 SYSTEMPATH\CodeIgniter.php(340): CodeIgniter\CodeIgniter->handleRequest(null, Object(Config\Cache), false)
 5 SYSTEMPATH\Boot.php(417): CodeIgniter\CodeIgniter->run()
 6 SYSTEMPATH\Boot.php(68): CodeIgniter\Boot::runCodeIgniter(Object(CodeIgniter\CodeIgniter))
 7 FCPATH\index.php(59): CodeIgniter\Boot::bootWeb(Object(Config\Paths))
CRITICAL - 2026-06-03 14:53:32 --> TypeError: App\Models\UserModel::buscarPorEmailConRol(): Argument #1 ($email) must be of type string, null given, called in C:\xampp\htdocs\code-4\sistema\app\Controllers\login.php on line 34
[Method: POST, Route: login]
in APPPATH\Models\UserModel.php on line 34.
 1 APPPATH\Controllers\login.php(34): App\Models\UserModel->buscarPorEmailConRol(null)
 2 SYSTEMPATH\CodeIgniter.php(951): App\Controllers\Login->roles()
 3 SYSTEMPATH\CodeIgniter.php(497): CodeIgniter\CodeIgniter->runController(Object(App\Controllers\Login))
 4 SYSTEMPATH\CodeIgniter.php(340): CodeIgniter\CodeIgniter->handleRequest(null, Object(Config\Cache), false)
 5 SYSTEMPATH\Boot.php(417): CodeIgniter\CodeIgniter->run()
 6 SYSTEMPATH\Boot.php(68): CodeIgniter\Boot::runCodeIgniter(Object(CodeIgniter\CodeIgniter))
 7 FCPATH\index.php(59): CodeIgniter\Boot::bootWeb(Object(Config\Paths))
CRITICAL - 2026-06-03 14:53:37 --> TypeError: App\Models\UserModel::buscarPorEmailConRol(): Argument #1 ($email) must be of type string, null given, called in C:\xampp\htdocs\code-4\sistema\app\Controllers\login.php on line 34
[Method: POST, Route: login]
in APPPATH\Models\UserModel.php on line 34.
 1 APPPATH\Controllers\login.php(34): App\Models\UserModel->buscarPorEmailConRol(null)
 2 SYSTEMPATH\CodeIgniter.php(951): App\Controllers\Login->roles()
 3 SYSTEMPATH\CodeIgniter.php(497): CodeIgniter\CodeIgniter->runController(Object(App\Controllers\Login))
 4 SYSTEMPATH\CodeIgniter.php(340): CodeIgniter\CodeIgniter->handleRequest(null, Object(Config\Cache), false)
 5 SYSTEMPATH\Boot.php(417): CodeIgniter\CodeIgniter->run()
 6 SYSTEMPATH\Boot.php(68): CodeIgniter\Boot::runCodeIgniter(Object(CodeIgniter\CodeIgniter))
 7 FCPATH\index.php(59): CodeIgniter\Boot::bootWeb(Object(Config\Paths))
CRITICAL - 2026-06-03 14:53:44 --> TypeError: App\Models\UserModel::buscarPorEmailConRol(): Argument #1 ($email) must be of type string, null given, called in C:\xampp\htdocs\code-4\sistema\app\Controllers\login.php on line 34
[Method: POST, Route: login]
in APPPATH\Models\UserModel.php on line 34.
 1 APPPATH\Controllers\login.php(34): App\Models\UserModel->buscarPorEmailConRol(null)
 2 SYSTEMPATH\CodeIgniter.php(951): App\Controllers\Login->roles()
 3 SYSTEMPATH\CodeIgniter.php(497): CodeIgniter\CodeIgniter->runController(Object(App\Controllers\Login))
 4 SYSTEMPATH\CodeIgniter.php(340): CodeIgniter\CodeIgniter->handleRequest(null, Object(Config\Cache), false)
 5 SYSTEMPATH\Boot.php(417): CodeIgniter\CodeIgniter->run()
 6 SYSTEMPATH\Boot.php(68): CodeIgniter\Boot::runCodeIgniter(Object(CodeIgniter\CodeIgniter))
 7 FCPATH\index.php(59): CodeIgniter\Boot::bootWeb(Object(Config\Paths))
CRITICAL - 2026-06-03 14:56:21 --> TypeError: App\Models\UserModel::buscarPorEmailConRol(): Argument #1 ($email) must be of type string, null given, called in C:\xampp\htdocs\code-4\sistema\app\Controllers\login.php on line 34
[Method: POST, Route: login]
in APPPATH\Models\UserModel.php on line 34.
 1 APPPATH\Controllers\login.php(34): App\Models\UserModel->buscarPorEmailConRol(null)
 2 SYSTEMPATH\CodeIgniter.php(951): App\Controllers\Login->roles()
 3 SYSTEMPATH\CodeIgniter.php(497): CodeIgniter\CodeIgniter->runController(Object(App\Controllers\Login))
 4 SYSTEMPATH\CodeIgniter.php(340): CodeIgniter\CodeIgniter->handleRequest(null, Object(Config\Cache), false)
 5 SYSTEMPATH\Boot.php(417): CodeIgniter\CodeIgniter->run()
 6 SYSTEMPATH\Boot.php(68): CodeIgniter\Boot::runCodeIgniter(Object(CodeIgniter\CodeIgniter))
 7 FCPATH\index.php(59): CodeIgniter\Boot::bootWeb(Object(Config\Paths))
CRITICAL - 2026-06-03 14:56:28 --> TypeError: App\Models\UserModel::buscarPorEmailConRol(): Argument #1 ($email) must be of type string, null given, called in C:\xampp\htdocs\code-4\sistema\app\Controllers\login.php on line 34
[Method: POST, Route: login]
in APPPATH\Models\UserModel.php on line 34.
 1 APPPATH\Controllers\login.php(34): App\Models\UserModel->buscarPorEmailConRol(null)
 2 SYSTEMPATH\CodeIgniter.php(951): App\Controllers\Login->roles()
 3 SYSTEMPATH\CodeIgniter.php(497): CodeIgniter\CodeIgniter->runController(Object(App\Controllers\Login))
 4 SYSTEMPATH\CodeIgniter.php(340): CodeIgniter\CodeIgniter->handleRequest(null, Object(Config\Cache), false)
 5 SYSTEMPATH\Boot.php(417): CodeIgniter\CodeIgniter->run()
 6 SYSTEMPATH\Boot.php(68): CodeIgniter\Boot::runCodeIgniter(Object(CodeIgniter\CodeIgniter))
 7 FCPATH\index.php(59): CodeIgniter\Boot::bootWeb(Object(Config\Paths))
ERROR - 2026-06-03 15:01:33 --> Unknown column 'p.id_persona' in 'field list'
in SYSTEMPATH\Database\MySQLi\Connection.php on line 300.
 1 SYSTEMPATH\Database\MySQLi\Connection.php(300): mysqli->query('SELECT `p`.`id_persona`, `p`.`primer_nombre`, `p`.`segundo_nombre`, `p`.`primer_apellido`, `p`.`segundo_apellido`, `p`.`email`, `p`.`contrasena`, `r`.`texto_rol`
FROM `personas`
LEFT JOIN `roles_has_persona` `rhp` ON `rhp`.`personas_id_persona` = `p`.`id_persona`
LEFT JOIN `roles` `r` ON `r`.`id_rol` = `rhp`.`roles_id_rol`
WHERE `p`.`email` = \'san@example.com\'', 0)
 2 SYSTEMPATH\Database\BaseConnection.php(910): CodeIgniter\Database\MySQLi\Connection->execute('SELECT `p`.`id_persona`, `p`.`primer_nombre`, `p`.`segundo_nombre`, `p`.`primer_apellido`, `p`.`segundo_apellido`, `p`.`email`, `p`.`contrasena`, `r`.`texto_rol`
FROM `personas`
LEFT JOIN `roles_has_persona` `rhp` ON `rhp`.`personas_id_persona` = `p`.`id_persona`
LEFT JOIN `roles` `r` ON `r`.`id_rol` = `rhp`.`roles_id_rol`
WHERE `p`.`email` = \'san@example.com\'')
 3 SYSTEMPATH\Database\BaseConnection.php(827): CodeIgniter\Database\BaseConnection->simpleQuery('SELECT `p`.`id_persona`, `p`.`primer_nombre`, `p`.`segundo_nombre`, `p`.`primer_apellido`, `p`.`segundo_apellido`, `p`.`email`, `p`.`contrasena`, `r`.`texto_rol`
FROM `personas`
LEFT JOIN `roles_has_persona` `rhp` ON `rhp`.`personas_id_persona` = `p`.`id_persona`
LEFT JOIN `roles` `r` ON `r`.`id_rol` = `rhp`.`roles_id_rol`
WHERE `p`.`email` = \'san@example.com\'')
 4 SYSTEMPATH\Database\BaseBuilder.php(1649): CodeIgniter\Database\BaseConnection->query('SELECT `p`.`id_persona`, `p`.`primer_nombre`, `p`.`segundo_nombre`, `p`.`primer_apellido`, `p`.`segundo_apellido`, `p`.`email`, `p`.`contrasena`, `r`.`texto_rol`
FROM `personas`
LEFT JOIN `roles_has_persona` `rhp` ON `rhp`.`personas_id_persona` = `p`.`id_persona`
LEFT JOIN `roles` `r` ON `r`.`id_rol` = `rhp`.`roles_id_rol`
WHERE `p`.`email` = :p.email:', [...], false)
 5 APPPATH\Models\UserModel.php(50): CodeIgniter\Database\BaseBuilder->get()
 6 APPPATH\Controllers\login.php(34): App\Models\UserModel->buscarPorEmailConRol('san@example.com')
 7 SYSTEMPATH\CodeIgniter.php(951): App\Controllers\Login->roles()
 8 SYSTEMPATH\CodeIgniter.php(497): CodeIgniter\CodeIgniter->runController(Object(App\Controllers\Login))
 9 SYSTEMPATH\CodeIgniter.php(340): CodeIgniter\CodeIgniter->handleRequest(null, Object(Config\Cache), false)
10 SYSTEMPATH\Boot.php(417): CodeIgniter\CodeIgniter->run()
11 SYSTEMPATH\Boot.php(68): CodeIgniter\Boot::runCodeIgniter(Object(CodeIgniter\CodeIgniter))
12 FCPATH\index.php(59): CodeIgniter\Boot::bootWeb(Object(Config\Paths))
CRITICAL - 2026-06-03 15:01:33 --> CodeIgniter\Database\Exceptions\DatabaseException: Unknown column 'p.id_persona' in 'field list'
[Method: POST, Route: login]
in SYSTEMPATH\Database\BaseConnection.php on line 865.
 1 SYSTEMPATH\Database\BaseBuilder.php(1649): CodeIgniter\Database\BaseConnection->query('SELECT `p`.`id_persona`, `p`.`primer_nombre`, `p`.`segundo_nombre`, `p`.`primer_apellido`, `p`.`segundo_apellido`, `p`.`email`, `p`.`contrasena`, `r`.`texto_rol`
FROM `personas`
LEFT JOIN `roles_has_persona` `rhp` ON `rhp`.`personas_id_persona` = `p`.`id_persona`
LEFT JOIN `roles` `r` ON `r`.`id_rol` = `rhp`.`roles_id_rol`
WHERE `p`.`email` = :p.email:', [...], false)
 2 APPPATH\Models\UserModel.php(50): CodeIgniter\Database\BaseBuilder->get()
 3 APPPATH\Controllers\login.php(34): App\Models\UserModel->buscarPorEmailConRol('san@example.com')
 4 SYSTEMPATH\CodeIgniter.php(951): App\Controllers\Login->roles()
 5 SYSTEMPATH\CodeIgniter.php(497): CodeIgniter\CodeIgniter->runController(Object(App\Controllers\Login))
 6 SYSTEMPATH\CodeIgniter.php(340): CodeIgniter\CodeIgniter->handleRequest(null, Object(Config\Cache), false)
 7 SYSTEMPATH\Boot.php(417): CodeIgniter\CodeIgniter->run()
 8 SYSTEMPATH\Boot.php(68): CodeIgniter\Boot::runCodeIgniter(Object(CodeIgniter\CodeIgniter))
 9 FCPATH\index.php(59): CodeIgniter\Boot::bootWeb(Object(Config\Paths))
CRITICAL - 2026-06-03 15:01:33 --> [Caused by] CodeIgniter\Database\Exceptions\DatabaseException: Unknown column 'p.id_persona' in 'field list'
in SYSTEMPATH\Database\MySQLi\Connection.php on line 310.
 1 SYSTEMPATH\Database\BaseConnection.php(910): CodeIgniter\Database\MySQLi\Connection->execute('SELECT `p`.`id_persona`, `p`.`primer_nombre`, `p`.`segundo_nombre`, `p`.`primer_apellido`, `p`.`segundo_apellido`, `p`.`email`, `p`.`contrasena`, `r`.`texto_rol`
FROM `personas`
LEFT JOIN `roles_has_persona` `rhp` ON `rhp`.`personas_id_persona` = `p`.`id_persona`
LEFT JOIN `roles` `r` ON `r`.`id_rol` = `rhp`.`roles_id_rol`
WHERE `p`.`email` = \'san@example.com\'')
 2 SYSTEMPATH\Database\BaseConnection.php(827): CodeIgniter\Database\BaseConnection->simpleQuery('SELECT `p`.`id_persona`, `p`.`primer_nombre`, `p`.`segundo_nombre`, `p`.`primer_apellido`, `p`.`segundo_apellido`, `p`.`email`, `p`.`contrasena`, `r`.`texto_rol`
FROM `personas`
LEFT JOIN `roles_has_persona` `rhp` ON `rhp`.`personas_id_persona` = `p`.`id_persona`
LEFT JOIN `roles` `r` ON `r`.`id_rol` = `rhp`.`roles_id_rol`
WHERE `p`.`email` = \'san@example.com\'')
 3 SYSTEMPATH\Database\BaseBuilder.php(1649): CodeIgniter\Database\BaseConnection->query('SELECT `p`.`id_persona`, `p`.`primer_nombre`, `p`.`segundo_nombre`, `p`.`primer_apellido`, `p`.`segundo_apellido`, `p`.`email`, `p`.`contrasena`, `r`.`texto_rol`
FROM `personas`
LEFT JOIN `roles_has_persona` `rhp` ON `rhp`.`personas_id_persona` = `p`.`id_persona`
LEFT JOIN `roles` `r` ON `r`.`id_rol` = `rhp`.`roles_id_rol`
WHERE `p`.`email` = :p.email:', [...], false)
 4 APPPATH\Models\UserModel.php(50): CodeIgniter\Database\BaseBuilder->get()
 5 APPPATH\Controllers\login.php(34): App\Models\UserModel->buscarPorEmailConRol('san@example.com')
 6 SYSTEMPATH\CodeIgniter.php(951): App\Controllers\Login->roles()
 7 SYSTEMPATH\CodeIgniter.php(497): CodeIgniter\CodeIgniter->runController(Object(App\Controllers\Login))
 8 SYSTEMPATH\CodeIgniter.php(340): CodeIgniter\CodeIgniter->handleRequest(null, Object(Config\Cache), false)
 9 SYSTEMPATH\Boot.php(417): CodeIgniter\CodeIgniter->run()
10 SYSTEMPATH\Boot.php(68): CodeIgniter\Boot::runCodeIgniter(Object(CodeIgniter\CodeIgniter))
11 FCPATH\index.php(59): CodeIgniter\Boot::bootWeb(Object(Config\Paths))
CRITICAL - 2026-06-03 15:01:33 --> [Caused by] mysqli_sql_exception: Unknown column 'p.id_persona' in 'field list'
in SYSTEMPATH\Database\MySQLi\Connection.php on line 300.
 1 SYSTEMPATH\Database\MySQLi\Connection.php(300): mysqli->query('SELECT `p`.`id_persona`, `p`.`primer_nombre`, `p`.`segundo_nombre`, `p`.`primer_apellido`, `p`.`segundo_apellido`, `p`.`email`, `p`.`contrasena`, `r`.`texto_rol`
FROM `personas`
LEFT JOIN `roles_has_persona` `rhp` ON `rhp`.`personas_id_persona` = `p`.`id_persona`
LEFT JOIN `roles` `r` ON `r`.`id_rol` = `rhp`.`roles_id_rol`
WHERE `p`.`email` = \'san@example.com\'', 0)
 2 SYSTEMPATH\Database\BaseConnection.php(910): CodeIgniter\Database\MySQLi\Connection->execute('SELECT `p`.`id_persona`, `p`.`primer_nombre`, `p`.`segundo_nombre`, `p`.`primer_apellido`, `p`.`segundo_apellido`, `p`.`email`, `p`.`contrasena`, `r`.`texto_rol`
FROM `personas`
LEFT JOIN `roles_has_persona` `rhp` ON `rhp`.`personas_id_persona` = `p`.`id_persona`
LEFT JOIN `roles` `r` ON `r`.`id_rol` = `rhp`.`roles_id_rol`
WHERE `p`.`email` = \'san@example.com\'')
 3 SYSTEMPATH\Database\BaseConnection.php(827): CodeIgniter\Database\BaseConnection->simpleQuery('SELECT `p`.`id_persona`, `p`.`primer_nombre`, `p`.`segundo_nombre`, `p`.`primer_apellido`, `p`.`segundo_apellido`, `p`.`email`, `p`.`contrasena`, `r`.`texto_rol`
FROM `personas`
LEFT JOIN `roles_has_persona` `rhp` ON `rhp`.`personas_id_persona` = `p`.`id_persona`
LEFT JOIN `roles` `r` ON `r`.`id_rol` = `rhp`.`roles_id_rol`
WHERE `p`.`email` = \'san@example.com\'')
 4 SYSTEMPATH\Database\BaseBuilder.php(1649): CodeIgniter\Database\BaseConnection->query('SELECT `p`.`id_persona`, `p`.`primer_nombre`, `p`.`segundo_nombre`, `p`.`primer_apellido`, `p`.`segundo_apellido`, `p`.`email`, `p`.`contrasena`, `r`.`texto_rol`
FROM `personas`
LEFT JOIN `roles_has_persona` `rhp` ON `rhp`.`personas_id_persona` = `p`.`id_persona`
LEFT JOIN `roles` `r` ON `r`.`id_rol` = `rhp`.`roles_id_rol`
WHERE `p`.`email` = :p.email:', [...], false)
 5 APPPATH\Models\UserModel.php(50): CodeIgniter\Database\BaseBuilder->get()
 6 APPPATH\Controllers\login.php(34): App\Models\UserModel->buscarPorEmailConRol('san@example.com')
 7 SYSTEMPATH\CodeIgniter.php(951): App\Controllers\Login->roles()
 8 SYSTEMPATH\CodeIgniter.php(497): CodeIgniter\CodeIgniter->runController(Object(App\Controllers\Login))
 9 SYSTEMPATH\CodeIgniter.php(340): CodeIgniter\CodeIgniter->handleRequest(null, Object(Config\Cache), false)
10 SYSTEMPATH\Boot.php(417): CodeIgniter\CodeIgniter->run()
11 SYSTEMPATH\Boot.php(68): CodeIgniter\Boot::runCodeIgniter(Object(CodeIgniter\CodeIgniter))
12 FCPATH\index.php(59): CodeIgniter\Boot::bootWeb(Object(Config\Paths))
ERROR - 2026-06-03 15:04:01 --> Unknown column 'p.email' in 'where clause'
in SYSTEMPATH\Database\MySQLi\Connection.php on line 300.
 1 SYSTEMPATH\Database\MySQLi\Connection.php(300): mysqli->query('SELECT `id_persona`, `primer_nombre`, `segundo_nombre`, `primer_apellido`, `segundo_apellido`, `email`, `contrasena`, `texto_rol`
FROM `personas`
LEFT JOIN `roles_has_persona` `rhp` ON `rhp`.`personas_id_persona` = `p`.`id_persona`
LEFT JOIN `roles` `r` ON `r`.`id_rol` = `rhp`.`roles_id_rol`
WHERE `p`.`email` = \'san@example.com\'', 0)
 2 SYSTEMPATH\Database\BaseConnection.php(910): CodeIgniter\Database\MySQLi\Connection->execute('SELECT `id_persona`, `primer_nombre`, `segundo_nombre`, `primer_apellido`, `segundo_apellido`, `email`, `contrasena`, `texto_rol`
FROM `personas`
LEFT JOIN `roles_has_persona` `rhp` ON `rhp`.`personas_id_persona` = `p`.`id_persona`
LEFT JOIN `roles` `r` ON `r`.`id_rol` = `rhp`.`roles_id_rol`
WHERE `p`.`email` = \'san@example.com\'')
 3 SYSTEMPATH\Database\BaseConnection.php(827): CodeIgniter\Database\BaseConnection->simpleQuery('SELECT `id_persona`, `primer_nombre`, `segundo_nombre`, `primer_apellido`, `segundo_apellido`, `email`, `contrasena`, `texto_rol`
FROM `personas`
LEFT JOIN `roles_has_persona` `rhp` ON `rhp`.`personas_id_persona` = `p`.`id_persona`
LEFT JOIN `roles` `r` ON `r`.`id_rol` = `rhp`.`roles_id_rol`
WHERE `p`.`email` = \'san@example.com\'')
 4 SYSTEMPATH\Database\BaseBuilder.php(1649): CodeIgniter\Database\BaseConnection->query('SELECT `id_persona`, `primer_nombre`, `segundo_nombre`, `primer_apellido`, `segundo_apellido`, `email`, `contrasena`, `texto_rol`
FROM `personas`
LEFT JOIN `roles_has_persona` `rhp` ON `rhp`.`personas_id_persona` = `p`.`id_persona`
LEFT JOIN `roles` `r` ON `r`.`id_rol` = `rhp`.`roles_id_rol`
WHERE `p`.`email` = :p.email:', [...], false)
 5 APPPATH\Models\UserModel.php(50): CodeIgniter\Database\BaseBuilder->get()
 6 APPPATH\Controllers\login.php(34): App\Models\UserModel->buscarPorEmailConRol('san@example.com')
 7 SYSTEMPATH\CodeIgniter.php(951): App\Controllers\Login->roles()
 8 SYSTEMPATH\CodeIgniter.php(497): CodeIgniter\CodeIgniter->runController(Object(App\Controllers\Login))
 9 SYSTEMPATH\CodeIgniter.php(340): CodeIgniter\CodeIgniter->handleRequest(null, Object(Config\Cache), false)
10 SYSTEMPATH\Boot.php(417): CodeIgniter\CodeIgniter->run()
11 SYSTEMPATH\Boot.php(68): CodeIgniter\Boot::runCodeIgniter(Object(CodeIgniter\CodeIgniter))
12 FCPATH\index.php(59): CodeIgniter\Boot::bootWeb(Object(Config\Paths))
CRITICAL - 2026-06-03 15:04:01 --> CodeIgniter\Database\Exceptions\DatabaseException: Unknown column 'p.email' in 'where clause'
[Method: POST, Route: login]
in SYSTEMPATH\Database\BaseConnection.php on line 865.
 1 SYSTEMPATH\Database\BaseBuilder.php(1649): CodeIgniter\Database\BaseConnection->query('SELECT `id_persona`, `primer_nombre`, `segundo_nombre`, `primer_apellido`, `segundo_apellido`, `email`, `contrasena`, `texto_rol`
FROM `personas`
LEFT JOIN `roles_has_persona` `rhp` ON `rhp`.`personas_id_persona` = `p`.`id_persona`
LEFT JOIN `roles` `r` ON `r`.`id_rol` = `rhp`.`roles_id_rol`
WHERE `p`.`email` = :p.email:', [...], false)
 2 APPPATH\Models\UserModel.php(50): CodeIgniter\Database\BaseBuilder->get()
 3 APPPATH\Controllers\login.php(34): App\Models\UserModel->buscarPorEmailConRol('san@example.com')
 4 SYSTEMPATH\CodeIgniter.php(951): App\Controllers\Login->roles()
 5 SYSTEMPATH\CodeIgniter.php(497): CodeIgniter\CodeIgniter->runController(Object(App\Controllers\Login))
 6 SYSTEMPATH\CodeIgniter.php(340): CodeIgniter\CodeIgniter->handleRequest(null, Object(Config\Cache), false)
 7 SYSTEMPATH\Boot.php(417): CodeIgniter\CodeIgniter->run()
 8 SYSTEMPATH\Boot.php(68): CodeIgniter\Boot::runCodeIgniter(Object(CodeIgniter\CodeIgniter))
 9 FCPATH\index.php(59): CodeIgniter\Boot::bootWeb(Object(Config\Paths))
CRITICAL - 2026-06-03 15:04:01 --> [Caused by] CodeIgniter\Database\Exceptions\DatabaseException: Unknown column 'p.email' in 'where clause'
in SYSTEMPATH\Database\MySQLi\Connection.php on line 310.
 1 SYSTEMPATH\Database\BaseConnection.php(910): CodeIgniter\Database\MySQLi\Connection->execute('SELECT `id_persona`, `primer_nombre`, `segundo_nombre`, `primer_apellido`, `segundo_apellido`, `email`, `contrasena`, `texto_rol`
FROM `personas`
LEFT JOIN `roles_has_persona` `rhp` ON `rhp`.`personas_id_persona` = `p`.`id_persona`
LEFT JOIN `roles` `r` ON `r`.`id_rol` = `rhp`.`roles_id_rol`
WHERE `p`.`email` = \'san@example.com\'')
 2 SYSTEMPATH\Database\BaseConnection.php(827): CodeIgniter\Database\BaseConnection->simpleQuery('SELECT `id_persona`, `primer_nombre`, `segundo_nombre`, `primer_apellido`, `segundo_apellido`, `email`, `contrasena`, `texto_rol`
FROM `personas`
LEFT JOIN `roles_has_persona` `rhp` ON `rhp`.`personas_id_persona` = `p`.`id_persona`
LEFT JOIN `roles` `r` ON `r`.`id_rol` = `rhp`.`roles_id_rol`
WHERE `p`.`email` = \'san@example.com\'')
 3 SYSTEMPATH\Database\BaseBuilder.php(1649): CodeIgniter\Database\BaseConnection->query('SELECT `id_persona`, `primer_nombre`, `segundo_nombre`, `primer_apellido`, `segundo_apellido`, `email`, `contrasena`, `texto_rol`
FROM `personas`
LEFT JOIN `roles_has_persona` `rhp` ON `rhp`.`personas_id_persona` = `p`.`id_persona`
LEFT JOIN `roles` `r` ON `r`.`id_rol` = `rhp`.`roles_id_rol`
WHERE `p`.`email` = :p.email:', [...], false)
 4 APPPATH\Models\UserModel.php(50): CodeIgniter\Database\BaseBuilder->get()
 5 APPPATH\Controllers\login.php(34): App\Models\UserModel->buscarPorEmailConRol('san@example.com')
 6 SYSTEMPATH\CodeIgniter.php(951): App\Controllers\Login->roles()
 7 SYSTEMPATH\CodeIgniter.php(497): CodeIgniter\CodeIgniter->runController(Object(App\Controllers\Login))
 8 SYSTEMPATH\CodeIgniter.php(340): CodeIgniter\CodeIgniter->handleRequest(null, Object(Config\Cache), false)
 9 SYSTEMPATH\Boot.php(417): CodeIgniter\CodeIgniter->run()
10 SYSTEMPATH\Boot.php(68): CodeIgniter\Boot::runCodeIgniter(Object(CodeIgniter\CodeIgniter))
11 FCPATH\index.php(59): CodeIgniter\Boot::bootWeb(Object(Config\Paths))
CRITICAL - 2026-06-03 15:04:01 --> [Caused by] mysqli_sql_exception: Unknown column 'p.email' in 'where clause'
in SYSTEMPATH\Database\MySQLi\Connection.php on line 300.
 1 SYSTEMPATH\Database\MySQLi\Connection.php(300): mysqli->query('SELECT `id_persona`, `primer_nombre`, `segundo_nombre`, `primer_apellido`, `segundo_apellido`, `email`, `contrasena`, `texto_rol`
FROM `personas`
LEFT JOIN `roles_has_persona` `rhp` ON `rhp`.`personas_id_persona` = `p`.`id_persona`
LEFT JOIN `roles` `r` ON `r`.`id_rol` = `rhp`.`roles_id_rol`
WHERE `p`.`email` = \'san@example.com\'', 0)
 2 SYSTEMPATH\Database\BaseConnection.php(910): CodeIgniter\Database\MySQLi\Connection->execute('SELECT `id_persona`, `primer_nombre`, `segundo_nombre`, `primer_apellido`, `segundo_apellido`, `email`, `contrasena`, `texto_rol`
FROM `personas`
LEFT JOIN `roles_has_persona` `rhp` ON `rhp`.`personas_id_persona` = `p`.`id_persona`
LEFT JOIN `roles` `r` ON `r`.`id_rol` = `rhp`.`roles_id_rol`
WHERE `p`.`email` = \'san@example.com\'')
 3 SYSTEMPATH\Database\BaseConnection.php(827): CodeIgniter\Database\BaseConnection->simpleQuery('SELECT `id_persona`, `primer_nombre`, `segundo_nombre`, `primer_apellido`, `segundo_apellido`, `email`, `contrasena`, `texto_rol`
FROM `personas`
LEFT JOIN `roles_has_persona` `rhp` ON `rhp`.`personas_id_persona` = `p`.`id_persona`
LEFT JOIN `roles` `r` ON `r`.`id_rol` = `rhp`.`roles_id_rol`
WHERE `p`.`email` = \'san@example.com\'')
 4 SYSTEMPATH\Database\BaseBuilder.php(1649): CodeIgniter\Database\BaseConnection->query('SELECT `id_persona`, `primer_nombre`, `segundo_nombre`, `primer_apellido`, `segundo_apellido`, `email`, `contrasena`, `texto_rol`
FROM `personas`
LEFT JOIN `roles_has_persona` `rhp` ON `rhp`.`personas_id_persona` = `p`.`id_persona`
LEFT JOIN `roles` `r` ON `r`.`id_rol` = `rhp`.`roles_id_rol`
WHERE `p`.`email` = :p.email:', [...], false)
 5 APPPATH\Models\UserModel.php(50): CodeIgniter\Database\BaseBuilder->get()
 6 APPPATH\Controllers\login.php(34): App\Models\UserModel->buscarPorEmailConRol('san@example.com')
 7 SYSTEMPATH\CodeIgniter.php(951): App\Controllers\Login->roles()
 8 SYSTEMPATH\CodeIgniter.php(497): CodeIgniter\CodeIgniter->runController(Object(App\Controllers\Login))
 9 SYSTEMPATH\CodeIgniter.php(340): CodeIgniter\CodeIgniter->handleRequest(null, Object(Config\Cache), false)
10 SYSTEMPATH\Boot.php(417): CodeIgniter\CodeIgniter->run()
11 SYSTEMPATH\Boot.php(68): CodeIgniter\Boot::runCodeIgniter(Object(CodeIgniter\CodeIgniter))
12 FCPATH\index.php(59): CodeIgniter\Boot::bootWeb(Object(Config\Paths))
ERROR - 2026-06-03 15:04:52 --> Table 'p.personas' doesn't exist
in SYSTEMPATH\Database\MySQLi\Connection.php on line 300.
 1 SYSTEMPATH\Database\MySQLi\Connection.php(300): mysqli->query('SELECT `p`.`id_persona`, `p`.`primer_nombre`, `p`.`segundo_nombre`, `p`.`primer_apellido`, `p`.`segundo_apellido`, `p`.`email`, `p`.`contrasena`, `r`.`texto_rol`
FROM `p`.`personas`
LEFT JOIN `roles_has_persona` `rhp` ON `rhp`.`personas_id_persona` = `p`.`id_persona`
LEFT JOIN `roles` `r` ON `r`.`id_rol` = `rhp`.`roles_id_rol`
WHERE `p`.`email` = \'san@example.com\'', 0)
 2 SYSTEMPATH\Database\BaseConnection.php(910): CodeIgniter\Database\MySQLi\Connection->execute('SELECT `p`.`id_persona`, `p`.`primer_nombre`, `p`.`segundo_nombre`, `p`.`primer_apellido`, `p`.`segundo_apellido`, `p`.`email`, `p`.`contrasena`, `r`.`texto_rol`
FROM `p`.`personas`
LEFT JOIN `roles_has_persona` `rhp` ON `rhp`.`personas_id_persona` = `p`.`id_persona`
LEFT JOIN `roles` `r` ON `r`.`id_rol` = `rhp`.`roles_id_rol`
WHERE `p`.`email` = \'san@example.com\'')
 3 SYSTEMPATH\Database\BaseConnection.php(827): CodeIgniter\Database\BaseConnection->simpleQuery('SELECT `p`.`id_persona`, `p`.`primer_nombre`, `p`.`segundo_nombre`, `p`.`primer_apellido`, `p`.`segundo_apellido`, `p`.`email`, `p`.`contrasena`, `r`.`texto_rol`
FROM `p`.`personas`
LEFT JOIN `roles_has_persona` `rhp` ON `rhp`.`personas_id_persona` = `p`.`id_persona`
LEFT JOIN `roles` `r` ON `r`.`id_rol` = `rhp`.`roles_id_rol`
WHERE `p`.`email` = \'san@example.com\'')
 4 SYSTEMPATH\Database\BaseBuilder.php(1649): CodeIgniter\Database\BaseConnection->query('SELECT `p`.`id_persona`, `p`.`primer_nombre`, `p`.`segundo_nombre`, `p`.`primer_apellido`, `p`.`segundo_apellido`, `p`.`email`, `p`.`contrasena`, `r`.`texto_rol`
FROM `p`.`personas`
LEFT JOIN `roles_has_persona` `rhp` ON `rhp`.`personas_id_persona` = `p`.`id_persona`
LEFT JOIN `roles` `r` ON `r`.`id_rol` = `rhp`.`roles_id_rol`
WHERE `p`.`email` = :p.email:', [...], false)
 5 APPPATH\Models\UserModel.php(50): CodeIgniter\Database\BaseBuilder->get()
 6 APPPATH\Controllers\login.php(34): App\Models\UserModel->buscarPorEmailConRol('san@example.com')
 7 SYSTEMPATH\CodeIgniter.php(951): App\Controllers\Login->roles()
 8 SYSTEMPATH\CodeIgniter.php(497): CodeIgniter\CodeIgniter->runController(Object(App\Controllers\Login))
 9 SYSTEMPATH\CodeIgniter.php(340): CodeIgniter\CodeIgniter->handleRequest(null, Object(Config\Cache), false)
10 SYSTEMPATH\Boot.php(417): CodeIgniter\CodeIgniter->run()
11 SYSTEMPATH\Boot.php(68): CodeIgniter\Boot::runCodeIgniter(Object(CodeIgniter\CodeIgniter))
12 FCPATH\index.php(59): CodeIgniter\Boot::bootWeb(Object(Config\Paths))
CRITICAL - 2026-06-03 15:04:52 --> CodeIgniter\Database\Exceptions\DatabaseException: Table 'p.personas' doesn't exist
[Method: POST, Route: login]
in SYSTEMPATH\Database\BaseConnection.php on line 865.
 1 SYSTEMPATH\Database\BaseBuilder.php(1649): CodeIgniter\Database\BaseConnection->query('SELECT `p`.`id_persona`, `p`.`primer_nombre`, `p`.`segundo_nombre`, `p`.`primer_apellido`, `p`.`segundo_apellido`, `p`.`email`, `p`.`contrasena`, `r`.`texto_rol`
FROM `p`.`personas`
LEFT JOIN `roles_has_persona` `rhp` ON `rhp`.`personas_id_persona` = `p`.`id_persona`
LEFT JOIN `roles` `r` ON `r`.`id_rol` = `rhp`.`roles_id_rol`
WHERE `p`.`email` = :p.email:', [...], false)
 2 APPPATH\Models\UserModel.php(50): CodeIgniter\Database\BaseBuilder->get()
 3 APPPATH\Controllers\login.php(34): App\Models\UserModel->buscarPorEmailConRol('san@example.com')
 4 SYSTEMPATH\CodeIgniter.php(951): App\Controllers\Login->roles()
 5 SYSTEMPATH\CodeIgniter.php(497): CodeIgniter\CodeIgniter->runController(Object(App\Controllers\Login))
 6 SYSTEMPATH\CodeIgniter.php(340): CodeIgniter\CodeIgniter->handleRequest(null, Object(Config\Cache), false)
 7 SYSTEMPATH\Boot.php(417): CodeIgniter\CodeIgniter->run()
 8 SYSTEMPATH\Boot.php(68): CodeIgniter\Boot::runCodeIgniter(Object(CodeIgniter\CodeIgniter))
 9 FCPATH\index.php(59): CodeIgniter\Boot::bootWeb(Object(Config\Paths))
CRITICAL - 2026-06-03 15:04:52 --> [Caused by] CodeIgniter\Database\Exceptions\DatabaseException: Table 'p.personas' doesn't exist
in SYSTEMPATH\Database\MySQLi\Connection.php on line 310.
 1 SYSTEMPATH\Database\BaseConnection.php(910): CodeIgniter\Database\MySQLi\Connection->execute('SELECT `p`.`id_persona`, `p`.`primer_nombre`, `p`.`segundo_nombre`, `p`.`primer_apellido`, `p`.`segundo_apellido`, `p`.`email`, `p`.`contrasena`, `r`.`texto_rol`
FROM `p`.`personas`
LEFT JOIN `roles_has_persona` `rhp` ON `rhp`.`personas_id_persona` = `p`.`id_persona`
LEFT JOIN `roles` `r` ON `r`.`id_rol` = `rhp`.`roles_id_rol`
WHERE `p`.`email` = \'san@example.com\'')
 2 SYSTEMPATH\Database\BaseConnection.php(827): CodeIgniter\Database\BaseConnection->simpleQuery('SELECT `p`.`id_persona`, `p`.`primer_nombre`, `p`.`segundo_nombre`, `p`.`primer_apellido`, `p`.`segundo_apellido`, `p`.`email`, `p`.`contrasena`, `r`.`texto_rol`
FROM `p`.`personas`
LEFT JOIN `roles_has_persona` `rhp` ON `rhp`.`personas_id_persona` = `p`.`id_persona`
LEFT JOIN `roles` `r` ON `r`.`id_rol` = `rhp`.`roles_id_rol`
WHERE `p`.`email` = \'san@example.com\'')
 3 SYSTEMPATH\Database\BaseBuilder.php(1649): CodeIgniter\Database\BaseConnection->query('SELECT `p`.`id_persona`, `p`.`primer_nombre`, `p`.`segundo_nombre`, `p`.`primer_apellido`, `p`.`segundo_apellido`, `p`.`email`, `p`.`contrasena`, `r`.`texto_rol`
FROM `p`.`personas`
LEFT JOIN `roles_has_persona` `rhp` ON `rhp`.`personas_id_persona` = `p`.`id_persona`
LEFT JOIN `roles` `r` ON `r`.`id_rol` = `rhp`.`roles_id_rol`
WHERE `p`.`email` = :p.email:', [...], false)
 4 APPPATH\Models\UserModel.php(50): CodeIgniter\Database\BaseBuilder->get()
 5 APPPATH\Controllers\login.php(34): App\Models\UserModel->buscarPorEmailConRol('san@example.com')
 6 SYSTEMPATH\CodeIgniter.php(951): App\Controllers\Login->roles()
 7 SYSTEMPATH\CodeIgniter.php(497): CodeIgniter\CodeIgniter->runController(Object(App\Controllers\Login))
 8 SYSTEMPATH\CodeIgniter.php(340): CodeIgniter\CodeIgniter->handleRequest(null, Object(Config\Cache), false)
 9 SYSTEMPATH\Boot.php(417): CodeIgniter\CodeIgniter->run()
10 SYSTEMPATH\Boot.php(68): CodeIgniter\Boot::runCodeIgniter(Object(CodeIgniter\CodeIgniter))
11 FCPATH\index.php(59): CodeIgniter\Boot::bootWeb(Object(Config\Paths))
CRITICAL - 2026-06-03 15:04:52 --> [Caused by] mysqli_sql_exception: Table 'p.personas' doesn't exist
in SYSTEMPATH\Database\MySQLi\Connection.php on line 300.
 1 SYSTEMPATH\Database\MySQLi\Connection.php(300): mysqli->query('SELECT `p`.`id_persona`, `p`.`primer_nombre`, `p`.`segundo_nombre`, `p`.`primer_apellido`, `p`.`segundo_apellido`, `p`.`email`, `p`.`contrasena`, `r`.`texto_rol`
FROM `p`.`personas`
LEFT JOIN `roles_has_persona` `rhp` ON `rhp`.`personas_id_persona` = `p`.`id_persona`
LEFT JOIN `roles` `r` ON `r`.`id_rol` = `rhp`.`roles_id_rol`
WHERE `p`.`email` = \'san@example.com\'', 0)
 2 SYSTEMPATH\Database\BaseConnection.php(910): CodeIgniter\Database\MySQLi\Connection->execute('SELECT `p`.`id_persona`, `p`.`primer_nombre`, `p`.`segundo_nombre`, `p`.`primer_apellido`, `p`.`segundo_apellido`, `p`.`email`, `p`.`contrasena`, `r`.`texto_rol`
FROM `p`.`personas`
LEFT JOIN `roles_has_persona` `rhp` ON `rhp`.`personas_id_persona` = `p`.`id_persona`
LEFT JOIN `roles` `r` ON `r`.`id_rol` = `rhp`.`roles_id_rol`
WHERE `p`.`email` = \'san@example.com\'')
 3 SYSTEMPATH\Database\BaseConnection.php(827): CodeIgniter\Database\BaseConnection->simpleQuery('SELECT `p`.`id_persona`, `p`.`primer_nombre`, `p`.`segundo_nombre`, `p`.`primer_apellido`, `p`.`segundo_apellido`, `p`.`email`, `p`.`contrasena`, `r`.`texto_rol`
FROM `p`.`personas`
LEFT JOIN `roles_has_persona` `rhp` ON `rhp`.`personas_id_persona` = `p`.`id_persona`
LEFT JOIN `roles` `r` ON `r`.`id_rol` = `rhp`.`roles_id_rol`
WHERE `p`.`email` = \'san@example.com\'')
 4 SYSTEMPATH\Database\BaseBuilder.php(1649): CodeIgniter\Database\BaseConnection->query('SELECT `p`.`id_persona`, `p`.`primer_nombre`, `p`.`segundo_nombre`, `p`.`primer_apellido`, `p`.`segundo_apellido`, `p`.`email`, `p`.`contrasena`, `r`.`texto_rol`
FROM `p`.`personas`
LEFT JOIN `roles_has_persona` `rhp` ON `rhp`.`personas_id_persona` = `p`.`id_persona`
LEFT JOIN `roles` `r` ON `r`.`id_rol` = `rhp`.`roles_id_rol`
WHERE `p`.`email` = :p.email:', [...], false)
 5 APPPATH\Models\UserModel.php(50): CodeIgniter\Database\BaseBuilder->get()
 6 APPPATH\Controllers\login.php(34): App\Models\UserModel->buscarPorEmailConRol('san@example.com')
 7 SYSTEMPATH\CodeIgniter.php(951): App\Controllers\Login->roles()
 8 SYSTEMPATH\CodeIgniter.php(497): CodeIgniter\CodeIgniter->runController(Object(App\Controllers\Login))
 9 SYSTEMPATH\CodeIgniter.php(340): CodeIgniter\CodeIgniter->handleRequest(null, Object(Config\Cache), false)
10 SYSTEMPATH\Boot.php(417): CodeIgniter\CodeIgniter->run()
11 SYSTEMPATH\Boot.php(68): CodeIgniter\Boot::runCodeIgniter(Object(CodeIgniter\CodeIgniter))
12 FCPATH\index.php(59): CodeIgniter\Boot::bootWeb(Object(Config\Paths))
CRITICAL - 2026-06-03 15:09:01 --> Error: Call to undefined method CodeIgniter\Database\MySQLi\Result::first()
[Method: POST, Route: login]
in APPPATH\Models\UserModel.php on line 51.
 1 APPPATH\Controllers\login.php(34): App\Models\UserModel->buscarPorEmailConRol('san@example.com')
 2 SYSTEMPATH\CodeIgniter.php(951): App\Controllers\Login->roles()
 3 SYSTEMPATH\CodeIgniter.php(497): CodeIgniter\CodeIgniter->runController(Object(App\Controllers\Login))
 4 SYSTEMPATH\CodeIgniter.php(340): CodeIgniter\CodeIgniter->handleRequest(null, Object(Config\Cache), false)
 5 SYSTEMPATH\Boot.php(417): CodeIgniter\CodeIgniter->run()
 6 SYSTEMPATH\Boot.php(68): CodeIgniter\Boot::runCodeIgniter(Object(CodeIgniter\CodeIgniter))
 7 FCPATH\index.php(59): CodeIgniter\Boot::bootWeb(Object(Config\Paths))
CRITICAL - 2026-06-03 15:09:49 --> Error: Call to undefined method CodeIgniter\Database\MySQLi\Result::getRowArrays()
[Method: POST, Route: login]
in APPPATH\Models\UserModel.php on line 51.
 1 APPPATH\Controllers\login.php(34): App\Models\UserModel->buscarPorEmailConRol('san@example.com')
 2 SYSTEMPATH\CodeIgniter.php(951): App\Controllers\Login->roles()
 3 SYSTEMPATH\CodeIgniter.php(497): CodeIgniter\CodeIgniter->runController(Object(App\Controllers\Login))
 4 SYSTEMPATH\CodeIgniter.php(340): CodeIgniter\CodeIgniter->handleRequest(null, Object(Config\Cache), false)
 5 SYSTEMPATH\Boot.php(417): CodeIgniter\CodeIgniter->run()
 6 SYSTEMPATH\Boot.php(68): CodeIgniter\Boot::runCodeIgniter(Object(CodeIgniter\CodeIgniter))
 7 FCPATH\index.php(59): CodeIgniter\Boot::bootWeb(Object(Config\Paths))
DEBUG - 2026-06-03 15:09:58 --> Session: Class initialized using 'CodeIgniter\Session\Handlers\FileHandler' driver.
DEBUG - 2026-06-03 15:12:30 --> Session: Class initialized using 'CodeIgniter\Session\Handlers\FileHandler' driver.
DEBUG - 2026-06-03 15:19:13 --> Session: Class initialized using 'CodeIgniter\Session\Handlers\FileHandler' driver.
DEBUG - 2026-06-03 15:19:22 --> Session: Class initialized using 'CodeIgniter\Session\Handlers\FileHandler' driver.
DEBUG - 2026-06-03 15:19:27 --> Session: Class initialized using 'CodeIgniter\Session\Handlers\FileHandler' driver.
DEBUG - 2026-06-03 15:21:51 --> Session: Class initialized using 'CodeIgniter\Session\Handlers\FileHandler' driver.
DEBUG - 2026-06-03 15:21:58 --> Session: Class initialized using 'CodeIgniter\Session\Handlers\FileHandler' driver.
DEBUG - 2026-06-03 15:28:46 --> Session: Class initialized using 'CodeIgniter\Session\Handlers\FileHandler' driver.
DEBUG - 2026-06-03 15:28:51 --> Session: Class initialized using 'CodeIgniter\Session\Handlers\FileHandler' driver.
DEBUG - 2026-06-03 15:41:09 --> Session: Class initialized using 'CodeIgniter\Session\Handlers\FileHandler' driver.
DEBUG - 2026-06-03 15:41:14 --> Session: Class initialized using 'CodeIgniter\Session\Handlers\FileHandler' driver.
DEBUG - 2026-06-03 15:43:10 --> Session: Class initialized using 'CodeIgniter\Session\Handlers\FileHandler' driver.
CRITICAL - 2026-06-03 15:44:22 --> ParseError: syntax error, unexpected token "}", expecting ";"
[Method: POST, Route: login]
in APPPATH\Controllers\login.php on line 95.
 1 SYSTEMPATH\Autoloader\Autoloader.php(295): CodeIgniter\Autoloader\Autoloader->includeFile('C:\\xampp\\htdocs\\code-4\\sistema\\app\\Controllers\\Login.php')
 2 SYSTEMPATH\Autoloader\Autoloader.php(271): CodeIgniter\Autoloader\Autoloader->loadInNamespace('App\\Controllers\\Login')
 3 [internal function]: CodeIgniter\Autoloader\Autoloader->loadClass('App\\Controllers\\Login')
 4 SYSTEMPATH\Router\Router.php(792): class_exists('\\App\\Controllers\\Login')
 5 SYSTEMPATH\Router\Router.php(230): CodeIgniter\Router\Router->processRouteAttributes()
 6 SYSTEMPATH\CodeIgniter.php(829): CodeIgniter\Router\Router->handle('login')
 7 SYSTEMPATH\CodeIgniter.php(441): CodeIgniter\CodeIgniter->tryToRouteIt(Object(CodeIgniter\Router\RouteCollection))
 8 SYSTEMPATH\CodeIgniter.php(340): CodeIgniter\CodeIgniter->handleRequest(null, Object(Config\Cache), false)
 9 SYSTEMPATH\Boot.php(417): CodeIgniter\CodeIgniter->run()
10 SYSTEMPATH\Boot.php(68): CodeIgniter\Boot::runCodeIgniter(Object(CodeIgniter\CodeIgniter))
11 FCPATH\index.php(59): CodeIgniter\Boot::bootWeb(Object(Config\Paths))
DEBUG - 2026-06-03 15:44:30 --> Session: Class initialized using 'CodeIgniter\Session\Handlers\FileHandler' driver.
CRITICAL - 2026-06-03 15:47:22 --> ErrorException: Declaration of App\Controllers\Login::Login() must be compatible with App\Controllers\BaseController::login($mail, $pss)
[Method: POST, Route: login]
in APPPATH\Controllers\login.php on line 87.
 1 [internal function]: CodeIgniter\Debug\Exceptions->shutdownHandler()
DEBUG - 2026-06-03 15:47:58 --> Session: Class initialized using 'CodeIgniter\Session\Handlers\FileHandler' driver.
DEBUG - 2026-06-03 15:48:19 --> Session: Class initialized using 'CodeIgniter\Session\Handlers\FileHandler' driver.
DEBUG - 2026-06-03 15:48:22 --> Session: Class initialized using 'CodeIgniter\Session\Handlers\FileHandler' driver.
DEBUG - 2026-06-03 16:00:34 --> Session: Class initialized using 'CodeIgniter\Session\Handlers\FileHandler' driver.
