CRITICAL - 2026-05-22 14:19:53 --> Error: Class "App\Controllers\PDO" not found
[Method: GET, Route: /]
in APPPATH\Controllers\BaseController.php on line 9.
 1 SYSTEMPATH\Autoloader\Autoloader.php(315): include_once()
 2 SYSTEMPATH\Autoloader\Autoloader.php(295): CodeIgniter\Autoloader\Autoloader->includeFile('C:\\xampp\\htdocs\\code-4\\sistema\\app\\Controllers\\BaseController.php')
 3 SYSTEMPATH\Autoloader\Autoloader.php(271): CodeIgniter\Autoloader\Autoloader->loadInNamespace('App\\Controllers\\BaseController')
 4 APPPATH\Controllers\Home.php(5): CodeIgniter\Autoloader\Autoloader->loadClass('App\\Controllers\\BaseController')
 5 SYSTEMPATH\Autoloader\Autoloader.php(315): include_once('C:\\xampp\\htdocs\\code-4\\sistema\\app\\Controllers\\Home.php')
 6 SYSTEMPATH\Autoloader\Autoloader.php(295): CodeIgniter\Autoloader\Autoloader->includeFile('C:\\xampp\\htdocs\\code-4\\sistema\\app\\Controllers\\home.php')
 7 SYSTEMPATH\Autoloader\Autoloader.php(271): CodeIgniter\Autoloader\Autoloader->loadInNamespace('App\\Controllers\\home')
 8 [internal function]: CodeIgniter\Autoloader\Autoloader->loadClass('App\\Controllers\\home')
 9 SYSTEMPATH\Router\Router.php(792): class_exists('\\App\\Controllers\\home')
10 SYSTEMPATH\Router\Router.php(230): CodeIgniter\Router\Router->processRouteAttributes()
11 SYSTEMPATH\CodeIgniter.php(829): CodeIgniter\Router\Router->handle('/')
12 SYSTEMPATH\CodeIgniter.php(441): CodeIgniter\CodeIgniter->tryToRouteIt(Object(CodeIgniter\Router\RouteCollection))
13 SYSTEMPATH\CodeIgniter.php(340): CodeIgniter\CodeIgniter->handleRequest(null, Object(Config\Cache), false)
14 SYSTEMPATH\Boot.php(417): CodeIgniter\CodeIgniter->run()
15 SYSTEMPATH\Boot.php(68): CodeIgniter\Boot::runCodeIgniter(Object(CodeIgniter\CodeIgniter))
16 FCPATH\index.php(59): CodeIgniter\Boot::bootWeb(Object(Config\Paths))
CRITICAL - 2026-05-22 14:22:10 --> ErrorException: The use statement with non-compound name 'Controllers' has no effect
[Method: GET, Route: /]
in APPPATH\Views\index.php on line 2.
 1 SYSTEMPATH\View\View.php(240): CodeIgniter\Debug\Exceptions->errorHandler(2, 'The use statement with non-compound name \'Controllers\' has no effect', 'C:\\xampp\\htdocs\\code-4\\sistema\\app\\Views\\index.php', 2)
 2 SYSTEMPATH\View\View.php(240): include()
 3 SYSTEMPATH\View\View.php(243): CodeIgniter\View\View->CodeIgniter\View\{closure}()
 4 SYSTEMPATH\Common.php(1250): CodeIgniter\View\View->render('index', [], true)
 5 APPPATH\Controllers\Home.php(9): view('index')
 6 SYSTEMPATH\CodeIgniter.php(951): App\Controllers\Home->index()
 7 SYSTEMPATH\CodeIgniter.php(497): CodeIgniter\CodeIgniter->runController(Object(App\Controllers\Home))
 8 SYSTEMPATH\CodeIgniter.php(340): CodeIgniter\CodeIgniter->handleRequest(null, Object(Config\Cache), false)
 9 SYSTEMPATH\Boot.php(417): CodeIgniter\CodeIgniter->run()
10 SYSTEMPATH\Boot.php(68): CodeIgniter\Boot::runCodeIgniter(Object(CodeIgniter\CodeIgniter))
11 FCPATH\index.php(59): CodeIgniter\Boot::bootWeb(Object(Config\Paths))
CRITICAL - 2026-05-22 14:22:28 --> ErrorException: include(search.php): Failed to open stream: No such file or directory
[Method: GET, Route: /]
in APPPATH\Views\index.php on line 3.
 1 APPPATH\Views\index.php(3): CodeIgniter\Debug\Exceptions->errorHandler(2, 'include(search.php): Failed to open stream: No such file or directory', 'C:\\xampp\\htdocs\\code-4\\sistema\\app\\Views\\index.php', 3)
 2 APPPATH\Views\index.php(3): include()
 3 SYSTEMPATH\View\View.php(240): include('C:\\xampp\\htdocs\\code-4\\sistema\\app\\Views\\index.php')
 4 SYSTEMPATH\View\View.php(243): CodeIgniter\View\View->CodeIgniter\View\{closure}()
 5 SYSTEMPATH\Common.php(1250): CodeIgniter\View\View->render('index', [], true)
 6 APPPATH\Controllers\Home.php(9): view('index')
 7 SYSTEMPATH\CodeIgniter.php(951): App\Controllers\Home->index()
 8 SYSTEMPATH\CodeIgniter.php(497): CodeIgniter\CodeIgniter->runController(Object(App\Controllers\Home))
 9 SYSTEMPATH\CodeIgniter.php(340): CodeIgniter\CodeIgniter->handleRequest(null, Object(Config\Cache), false)
10 SYSTEMPATH\Boot.php(417): CodeIgniter\CodeIgniter->run()
11 SYSTEMPATH\Boot.php(68): CodeIgniter\Boot::runCodeIgniter(Object(CodeIgniter\CodeIgniter))
12 FCPATH\index.php(59): CodeIgniter\Boot::bootWeb(Object(Config\Paths))
CRITICAL - 2026-05-22 14:22:34 --> ErrorException: include(search.php): Failed to open stream: No such file or directory
[Method: GET, Route: /]
in APPPATH\Views\index.php on line 3.
 1 APPPATH\Views\index.php(3): CodeIgniter\Debug\Exceptions->errorHandler(2, 'include(search.php): Failed to open stream: No such file or directory', 'C:\\xampp\\htdocs\\code-4\\sistema\\app\\Views\\index.php', 3)
 2 APPPATH\Views\index.php(3): include()
 3 SYSTEMPATH\View\View.php(240): include('C:\\xampp\\htdocs\\code-4\\sistema\\app\\Views\\index.php')
 4 SYSTEMPATH\View\View.php(243): CodeIgniter\View\View->CodeIgniter\View\{closure}()
 5 SYSTEMPATH\Common.php(1250): CodeIgniter\View\View->render('index', [], true)
 6 APPPATH\Controllers\Home.php(9): view('index')
 7 SYSTEMPATH\CodeIgniter.php(951): App\Controllers\Home->index()
 8 SYSTEMPATH\CodeIgniter.php(497): CodeIgniter\CodeIgniter->runController(Object(App\Controllers\Home))
 9 SYSTEMPATH\CodeIgniter.php(340): CodeIgniter\CodeIgniter->handleRequest(null, Object(Config\Cache), false)
10 SYSTEMPATH\Boot.php(417): CodeIgniter\CodeIgniter->run()
11 SYSTEMPATH\Boot.php(68): CodeIgniter\Boot::runCodeIgniter(Object(CodeIgniter\CodeIgniter))
12 FCPATH\index.php(59): CodeIgniter\Boot::bootWeb(Object(Config\Paths))
CRITICAL - 2026-05-22 14:25:29 --> ParseError: syntax error, unexpected token ";", expecting "{"
[Method: GET, Route: /]
in APPPATH\Views\index.php on line 4.
 1 SYSTEMPATH\View\View.php(243): CodeIgniter\View\View->CodeIgniter\View\{closure}()
 2 SYSTEMPATH\Common.php(1250): CodeIgniter\View\View->render('index', [], true)
 3 APPPATH\Controllers\Home.php(9): view('index')
 4 SYSTEMPATH\CodeIgniter.php(951): App\Controllers\Home->index()
 5 SYSTEMPATH\CodeIgniter.php(497): CodeIgniter\CodeIgniter->runController(Object(App\Controllers\Home))
 6 SYSTEMPATH\CodeIgniter.php(340): CodeIgniter\CodeIgniter->handleRequest(null, Object(Config\Cache), false)
 7 SYSTEMPATH\Boot.php(417): CodeIgniter\CodeIgniter->run()
 8 SYSTEMPATH\Boot.php(68): CodeIgniter\Boot::runCodeIgniter(Object(CodeIgniter\CodeIgniter))
 9 FCPATH\index.php(59): CodeIgniter\Boot::bootWeb(Object(Config\Paths))
